// Jest Snapshot v1, https://goo.gl/fbAQLP

exports[`working fetchImage async function should do what I like 1`] = `Promise {}`;
